1740241761
TIMESTEP=0/20 GENERATION=0/1
0	0.84375	0.011014689	3.074097208400108	3.845708220180017	0.6984661003933218	1.7433661779494585	[5, 7, 2, 1, 3, 1, 1, 1, 0, 2, 6]
0	0.1484375	-1	-1	-1	0.0	0.0	[4, 0, 5, 0, 3, 1, 2, 1, 0, 1, 0]
0	0.6484375	-0.079805166	3.5808133423368957	3.0694545456663738	0.37623595198720716	1.2072610314097965	[7, 2, 7, 0, 2, 1, 3, 0, 1, 4, 1]
0	0.140625	0.46253887	0.3666600023495302	6.520050199693648	-0.0001383891502906172	0.017544162764501638	[4, 5, 3, 3, 2, 1, 6, 1, 0, 3, 3]
DataLoader worker (pid(s) 81711) exited unexpectedly
0	0.171875	-1	-1	-1	0.0	0.0	[3, 5, 2, 1, 2, 0, 2, 0, 1, 1, 3]
BEST=0.84375
TIMESTEP=1/20 GENERATION=0/1
1	0.1328125	-1	-1	-1	0.0	0.0	[5, 4, 5, 2, 1, 3, 2, 1, 1, 0, 0]
1	0.3203125	0.061667345	3.002345515785398	8.18956498060249	0.13472211863937852	0.5915866632282747	[5, 5, 4, 2, 3, 0, 1, 0, 0, 2, 6]
1	0.2421875	0.012791065	5.587954628707151	2.8393778048355296	0.04075091186886045	0.22625243051764776	[1, 4, 2, 3, 5, 1, 2, 1, 0, 1, 5]
1	0.2109375	-0.123559795	1.3887263676835901	10.206029733828952	0.005415156564849037	0.20382907881007745	[4, 6, 1, 3, 2, 3, 6, 1, 1, 2, 0]
1	0.21875	0.465514	0.742117025425801	177.89098569414463	0.05220341420978456	0.18991776171166255	[5, 5, 1, 4, 5, 1, 6, 0, 1, 3, 4]
BEST=0.3203125
TIMESTEP=2/20 GENERATION=0/1
2	0.21875	0.0049397782	3.7792792168883587	10.215464832359505	0.03483831227205183	0.1884093966933735	[7, 4, 6, 2, 2, 0, 4, 1, 1, 1, 0]
2	0.21875	0.06202635	3.655356566210246	9.228036961336658	0.11093100183335378	0.3864577921691764	[2, 5, 0, 4, 5, 2, 4, 0, 1, 3, 7]
2	0.21875	0.07357831	2.3890296084582467	41.94690464403506	0.033085578727350684	0.1945494274893913	[5, 4, 4, 3, 5, 3, 4, 1, 1, 1, 4]
2	0.65625	-0.025713006	3.8183018587271715	2.5585704055611647	0.3867154623174263	1.2159188284819435	[5, 3, 6, 2, 0, 1, 0, 1, 0, 3, 5]
2	0.234375	0.05609346	3.2838904481327127	7.982273779468869	0.04400611950561575	0.2865781471422574	[5, 5, 4, 2, 3, 0, 1, 0, 0, 2, 6]
BEST=0.65625
TIMESTEP=3/20 GENERATION=0/1
3	0.1640625	-1	-1	-1	0.0	0.0	[4, 4, 0, 4, 4, 0, 3, 0, 0, 1, 2]
3	0.859375	-0.11089834	4.959234425200429	10.117559700870478	0.7036327286824722	1.7841618353848314	[0, 7, 7, 1, 1, 2, 1, 1, 1, 1, 4]
3	0.8671875	0.008338513	3.4037799268565587	3.52258448695741	0.7199076467142217	1.7954197211119234	[0, 7, 4, 2, 2, 0, 5, 1, 0, 2, 8]
3	0.6328125	-0.1326789	4.624230999123704	3.480135801346698	0.3527168296636882	1.1768293875661913	[2, 2, 5, 0, 1, 1, 1, 1, 0, 4, 3]
3	0.78125	-0.116534576	3.5561920054552494	4.524972008743598	0.5862974432383551	1.5814981602777036	[5, 3, 6, 2, 1, 1, 3, 0, 1, 0, 0]
BEST=0.8671875
TIMESTEP=4/20 GENERATION=0/1
4	0.640625	-0.11175001	4.5481706878771595	13.78492165314176	0.3863352606299709	1.1246387050148634	[1, 3, 2, 0, 2, 1, 3, 0, 0, 1, 4]
4	0.640625	-0.23667043	5.469065350192768	5.027315178603129	0.4018396033451934	1.1720616473395724	[5, 3, 5, 2, 2, 2, 0, 0, 0, 3, 4]
4	0.6953125	-0.020228088	3.055554654610019	3.279704762160921	0.4643700111772551	1.2815408478308088	[1, 3, 1, 3, 1, 2, 5, 1, 0, 1, 6]
4	0.84375	0.0012439657	3.0585735412974784	3.767759317966316	0.6948055309583816	1.8112393124618673	[2, 3, 2, 2, 3, 0, 0, 1, 1, 1, 8]
4	0.8671875	0.032095168	3.109881331822657	4.168718452884834	0.7111086081012418	1.8253345246540191	[0, 7, 4, 2, 2, 0, 5, 1, 0, 2, 8]
BEST=0.8671875
TIMESTEP=5/20 GENERATION=0/1
5	0.125	-1	-1	-1	0.0	0.0	[6, 6, 4, 4, 5, 0, 2, 0, 1, 4, 8]
5	0.7734375	0.0016734456	3.28999336392855	3.333669541132241	0.541868355634448	1.5433778514346401	[1, 2, 0, 1, 0, 1, 5, 1, 0, 0, 5]
5	0.6015625	-0.11727921	5.302661001013437	2.1222382946565053	0.31128532907220613	1.1098630463920556	[3, 3, 1, 1, 0, 3, 0, 0, 1, 2, 3]
5	0.1640625	-1	-1	-1	0.0	0.0	[6, 1, 4, 1, 4, 2, 6, 0, 1, 1, 5]
5	0.8828125	0.007238375	3.3040977484040672	3.478622224213745	0.7445419944877701	1.9135724117720752	[0, 7, 4, 2, 2, 0, 5, 1, 0, 2, 8]
BEST=0.8828125
TIMESTEP=6/20 GENERATION=0/1
6	0.7421875	-0.09275256	3.3992230028706594	8.128606934819729	0.49538176670268885	1.436678362861888	[1, 3, 0, 3, 2, 0, 3, 1, 1, 0, 2]
6	0.859375	0.00851755	3.227262679990299	3.6207054195103776	0.7017742102675736	1.8172474527720595	[3, 7, 4, 4, 4, 0, 0, 1, 1, 2, 7]
6	0.8359375	-0.15497401	4.894279030846816	9.208172060649385	0.6726258670610537	1.7239388288320368	[1, 7, 5, 4, 0, 1, 4, 0, 0, 2, 4]
6	0.1484375	-1	-1	-1	0.0	0.0	[3, 0, 1, 0, 2, 3, 5, 0, 0, 2, 7]
6	0.8515625	0.015450675	3.105710571294007	4.122217416375232	0.7131611215482229	1.7985579912794054	[0, 7, 4, 2, 2, 0, 5, 1, 0, 2, 8]
BEST=0.859375
TIMESTEP=7/20 GENERATION=0/1
7	0.203125	-0.030216806	8.643382353863906	0.8516750261194821	-0.00013975679450949308	0.11067869047227138	[7, 4, 1, 3, 5, 2, 3, 1, 1, 4, 1]
7	0.1484375	-1	-1	-1	0.0	0.0	[1, 6, 6, 3, 4, 2, 2, 1, 1, 3, 6]
7	0.640625	-0.24500148	6.6228114601490145	2.5440265642527047	0.3707407883768308	1.1892375271016462	[6, 2, 4, 2, 1, 2, 5, 0, 1, 2, 4]
7	0.140625	-1	-1	-1	0.0	0.0	[2, 5, 4, 4, 1, 2, 6, 0, 0, 1, 4]
7	0.8984375	0.007478059	3.2668136738599975	3.703468642350334	0.7872729223298673	1.9202081896477843	[3, 7, 4, 4, 4, 0, 0, 1, 1, 2, 7]
BEST=0.8984375
TIMESTEP=8/20 GENERATION=0/1
