1740241761
TIMESTEP=0/20 GENERATION=0/1
0	0.8984375	0.016533252	3.281458692582605	3.700240140533163	0.7882835297210505	1.9389040904846	[5, 7, 2, 1, 3, 1, 1, 1, 0, 2, 6]
0	0.15625	-1	-1	-1	0.0	0.0	[4, 0, 5, 0, 3, 1, 2, 1, 0, 1, 0]
0	0.6171875	-0.03272687	4.567152578574487	2.5846953569633344	0.34781048074908255	1.1471020943960388	[7, 2, 7, 0, 2, 1, 3, 0, 1, 4, 1]
0	0.21875	0.23909476	1.1277639207770644	38.85594212903944	0.035538740946210026	0.19824967790620485	[4, 5, 3, 3, 2, 1, 6, 1, 0, 3, 3]
0	0.125	-1	-1	-1	0.0	0.0	[3, 5, 2, 1, 2, 0, 2, 0, 1, 1, 3]
BEST=0.8984375
TIMESTEP=1/20 GENERATION=0/1
1	0.140625	-1	-1	-1	0.0	0.0	[5, 4, 5, 2, 1, 3, 2, 1, 1, 0, 0]
1	0.3203125	0.045184344	2.8160747043242225	9.314060809570208	0.19238979576466894	0.7372067595689116	[5, 5, 4, 2, 3, 0, 1, 0, 0, 2, 6]
1	0.3515625	0.024909481	4.794040463905394	7.076480955377549	0.15633480841492495	0.41869911068122406	[1, 4, 2, 3, 5, 1, 2, 1, 0, 1, 5]
1	0.203125	-0.08023946	1.476026637777407	9.957141154771993	0.0070853894132673	0.15164648123074467	[4, 6, 1, 3, 2, 3, 6, 1, 1, 2, 0]
1	0.2421875	0.47248238	0.7174447928243382	174.47114293537274	0.056496102894021176	0.22027783459645833	[5, 5, 1, 4, 5, 1, 6, 0, 1, 3, 4]
BEST=0.3515625
TIMESTEP=2/20 GENERATION=0/1
2	0.2265625	0.051927745	2.6877975273156616	19.62980266152229	0.011053181062331528	0.08541888105631502	[7, 4, 6, 2, 2, 0, 4, 1, 1, 1, 0]
2	0.2734375	0.09026046	3.513653574844746	9.903838502454244	0.11215486622663753	0.3715756949171529	[2, 5, 0, 4, 5, 2, 4, 0, 1, 3, 7]
2	0.2421875	0.038702175	2.001344483871761	49.43688785885354	0.05264189368189671	0.28271867036495835	[5, 4, 4, 3, 5, 3, 4, 1, 1, 1, 4]
2	0.6953125	-0.04380475	3.7620901622212974	2.291087863903479	0.42945304838878784	1.3054781270767895	[5, 3, 6, 2, 0, 1, 0, 1, 0, 3, 5]
2	0.2265625	0.113643885	2.5703560492063815	5.861796504364477	0.00655021739791718	0.13726303626348763	[7, 4, 0, 2, 0, 1, 6, 0, 0, 1, 5]
BEST=0.6953125
TIMESTEP=3/20 GENERATION=0/1
3	0.1875	-1	-1	-1	0.0	0.0	[2, 0, 3, 0, 5, 0, 3, 1, 1, 1, 1]
3	0.640625	-0.18189824	5.055104638239298	7.279278245012061	0.40611911998237776	1.223492806848924	[5, 3, 4, 3, 5, 3, 6, 0, 0, 3, 4]
3	0.28125	0.05055558	3.5679573345898623	20.469114976646726	0.1229546326991215	0.5016031826368791	[4, 5, 7, 0, 2, 1, 5, 1, 1, 1, 0]
3	0.9296875	-0.13474359	5.466500235556961	9.091871465199022	0.8510682079211469	2.004944041243231	[0, 2, 1, 2, 0, 3, 1, 1, 0, 1, 4]
3	0.625	-0.04254745	3.8707100430225845	2.164962011491753	0.3351364792942002	1.1572789037708389	[5, 3, 6, 2, 0, 1, 0, 1, 0, 3, 5]
BEST=0.9296875
TIMESTEP=4/20 GENERATION=0/1
4	0.203125	0.0038975761	9.591391759642367	1.3405469738909137	0.014006683590109535	0.05758201783725567	[3, 4, 7, 0, 1, 3, 1, 0, 0, 2, 6]
4	0.140625	-1	-1	-1	0.0	0.0	[0, 1, 5, 3, 1, 1, 3, 0, 0, 2, 8]
4	0.8046875	0.008155016	3.3787723093233852	3.574568053967879	0.5949235347428944	1.5969364624319309	[1, 5, 0, 2, 0, 0, 1, 1, 1, 0, 7]
4	0.6171875	-0.14975905	4.429284488005527	2.282575364482142	0.35184701797240586	1.1454732890071504	[1, 2, 3, 1, 0, 2, 4, 1, 0, 3, 3]
4	0.90625	-0.14098641	5.067613924438876	7.1415342793549685	0.7946693685040829	1.9343903239697147	[0, 2, 1, 2, 0, 3, 1, 1, 0, 1, 4]
BEST=0.90625
TIMESTEP=5/20 GENERATION=0/1
5	0.671875	-0.014282422	3.483817142577878	2.507427881101778	0.4440659011482776	1.242728504202689	[5, 3, 1, 4, 5, 1, 5, 1, 0, 3, 6]
5	0.140625	-1	-1	-1	0.0	0.0	[3, 6, 4, 0, 0, 0, 2, 0, 1, 1, 2]
5	0.234375	-0.016338043	2.0509658689007235	6.056121609447554	0.03734110976762145	0.266272682499054	[0, 6, 0, 0, 0, 3, 6, 0, 1, 3, 5]
5	0.8515625	-0.06099668	4.257908163652061	6.71329268266193	0.6855237459354455	1.753052622831444	[3, 7, 2, 4, 3, 2, 0, 1, 1, 3, 3]
5	0.8828125	-0.1709866	6.06880368296731	5.565456686788596	0.7469978431420867	1.8556980957068023	[0, 2, 1, 2, 0, 3, 1, 1, 0, 1, 4]
BEST=0.8828125
TIMESTEP=6/20 GENERATION=0/1
6	0.6796875	-0.06488727	3.2682811155632088	2.6847782039061867	0.455912048523108	1.2541576729932862	[3, 2, 1, 4, 1, 0, 3, 1, 0, 4, 8]
6	0.140625	-1	-1	-1	0.0	0.0	[3, 0, 7, 3, 4, 1, 4, 1, 0, 3, 4]
6	0.2265625	0.12913787	2.349095346777908	21.794907272991217	0.05624911858225078	0.20482813111930812	[2, 5, 4, 2, 0, 3, 1, 0, 1, 3, 1]
6	0.1171875	-1	-1	-1	0.0	0.0	[0, 3, 2, 2, 5, 2, 2, 1, 1, 0, 5]
6	0.859375	-0.1541504	5.814950860346842	5.8061954988767095	0.7072917397180044	1.8125263560269058	[0, 2, 1, 2, 0, 3, 1, 1, 0, 1, 4]
BEST=0.859375
TIMESTEP=7/20 GENERATION=0/1
7	0.234375	0.3642605	0.7235874791418935	125.60624427945679	0.03150177348455233	0.21676801282051825	[1, 6, 4, 3, 3, 2, 4, 1, 1, 1, 4]
7	0.140625	-1	-1	-1	0.0	0.0	[7, 1, 1, 1, 4, 0, 3, 1, 0, 1, 1]
7	0.125	-1	-1	-1	0.0	0.0	[7, 0, 5, 1, 2, 3, 0, 1, 0, 2, 0]
7	0.859375	0.0040773703	3.9066167569453443	3.3543905992918504	0.6906369291552709	1.8173908698960113	[7, 7, 3, 4, 3, 0, 1, 0, 0, 4, 7]
7	0.84375	-0.1399363	5.959163506599875	6.046087093960819	0.6697978623756354	1.7419069302547903	[0, 2, 1, 2, 0, 3, 1, 1, 0, 1, 4]
BEST=0.859375
TIMESTEP=8/20 GENERATION=0/1
8	0.2421875	-0.033265635	2.2254104842376754	4.19972076273094	0.03051614513440556	0.30838393582921425	[2, 6, 7, 4, 2, 0, 1, 0, 0, 2, 7]
8	0.59375	-0.27534974	7.354569600746186	4.513296438721805	0.3147235713138257	1.0291379374102094	[0, 3, 7, 2, 4, 1, 2, 0, 0, 2, 4]
8	0.8046875	-0.0047533363	3.3399719147479248	3.2862817928685844	0.6308000977404528	1.6228399618427074	[6, 7, 2, 1, 5, 0, 6, 1, 1, 1, 5]
8	0.1484375	-1	-1	-1	0.0	0.0	[2, 0, 0, 4, 2, 1, 3, 1, 1, 4, 4]
8	0.8984375	0.020657968	2.992054524788396	4.1609332251546185	0.7795524017467249	1.9266615805012228	[7, 7, 3, 4, 3, 0, 1, 0, 0, 4, 7]
BEST=0.8984375
TIMESTEP=9/20 GENERATION=0/1
9	0.2421875	0.11485772	2.55949679407691	18.3928565393429	0.07680526184848861	0.22241930306303948	[7, 4, 1, 2, 3, 1, 6, 0, 0, 1, 1]
9	0.171875	-1	-1	-1	0.0	0.0	[5, 6, 6, 4, 0, 1, 5, 0, 0, 2, 8]
9	0.8515625	0.01205094	3.1255718429686548	3.93779684550366	0.6674774078947544	1.7792563410150866	[0, 7, 6, 1, 3, 2, 6, 1, 0, 4, 5]
9	0.1328125	-1	-1	-1	0.0	0.0	[7, 0, 2, 1, 0, 2, 2, 0, 1, 3, 8]
9	0.859375	0.04822679	3.137514958612278	4.595814396980371	0.7046264613691858	1.8070484764277972	[7, 7, 3, 4, 3, 0, 1, 0, 0, 4, 7]
BEST=0.859375
TIMESTEP=10/20 GENERATION=0/1
10	0.15625	-1	-1	-1	0.0	0.0	[1, 1, 4, 4, 3, 1, 0, 1, 0, 2, 1]
10	0.640625	-0.1655693	4.07748963547239	3.7277474647268556	0.3995322410942432	1.2405275066148012	[1, 2, 7, 3, 4, 1, 5, 1, 0, 2, 0]
10	0.640625	-0.046016134	4.067690313419917	2.106925229741242	0.36973086214514894	1.2519269089737115	[0, 2, 3, 0, 2, 3, 1, 1, 0, 2, 6]
10	0.609375	-0.17237046	5.369712116713974	5.277742673035828	0.32501786456417936	1.0652939706870324	[3, 3, 7, 2, 3, 3, 3, 1, 1, 2, 4]
10	0.8671875	0.014070978	3.551993158409437	3.968633195266525	0.7224438057980833	1.822363353169377	[7, 7, 3, 4, 3, 0, 1, 0, 0, 4, 7]
BEST=0.8671875
TIMESTEP=11/20 GENERATION=0/1
11	0.1640625	-0.00018434919	10.879103429687	1.0470844746689811	-0.0007954363787368938	0.040885606701177135	[6, 4, 2, 3, 1, 1, 0, 1, 1, 3, 7]
11	0.1484375	-0.0020726393	11.829403018749504	0.8510215824220189	-0.01033814428165301	0.009024411300635457	[3, 4, 3, 4, 4, 0, 3, 1, 1, 1, 1]
11	0.640625	-0.17125764	5.829421777951714	7.134929597563976	0.3618317660043027	1.210002947266236	[6, 3, 5, 1, 2, 3, 4, 0, 0, 4, 4]
11	0.6015625	0.06626852	2.688914087267898	4.640538049657936	0.31889471702575634	1.0524341899713379	[4, 0, 3, 4, 2, 2, 1, 1, 1, 0, 5]
11	0.8828125	0.04822543	2.8417635109639625	4.943783981674531	0.7545222323982703	1.852644105422097	[7, 7, 3, 4, 3, 0, 1, 0, 0, 4, 7]
BEST=0.8828125
TIMESTEP=12/20 GENERATION=0/1
12	0.2265625	0.2631752	1.0652003218241894	94.5890497378409	0.03619049368519242	0.22991785802386397	[0, 6, 2, 0, 3, 2, 0, 0, 1, 1, 4]
12	0.1953125	-0.039701115	2.0994711431089548	2.5418629548275637	0.005205115375277866	0.060565965883667285	[2, 6, 1, 0, 0, 2, 2, 0, 1, 2, 6]
12	0.6484375	-0.106688485	5.462425918390407	3.0701069176301186	0.3893031013865557	1.1914662822021063	[0, 3, 3, 3, 5, 2, 5, 0, 1, 2, 3]
12	0.140625	-1	-1	-1	0.0	0.0	[7, 1, 6, 1, 4, 1, 6, 0, 1, 1, 8]
12	0.65625	-0.053686462	4.015478078767226	2.0105058795110384	0.42189673834835795	1.2871365891645268	[7, 2, 1, 4, 1, 2, 1, 0, 0, 4, 7]
BEST=0.65625
TIMESTEP=13/20 GENERATION=0/1
13	0.6640625	-0.021640569	3.5417581653759953	2.340291824325258	0.42200398468027406	1.1852131781702442	[0, 2, 6, 4, 3, 3, 1, 0, 0, 3, 7]
13	0.8125	0.010270409	2.9671051722531145	4.02276803803381	0.6436996246015333	1.6570755328170674	[0, 7, 0, 0, 5, 1, 1, 1, 1, 1, 8]
13	0.140625	-1	-1	-1	0.0	0.0	[5, 4, 5, 1, 5, 0, 2, 1, 1, 0, 1]
13	0.1953125	0.1889553	0.6909721500468802	2.0228978833242706	0.0014898195662969708	0.02116113233502006	[7, 7, 1, 0, 1, 0, 3, 0, 1, 0, 6]
13	0.8984375	0.047813963	2.917189082037864	5.001442550730194	0.7984261569837237	1.8853682980288882	[1, 7, 7, 4, 1, 2, 1, 0, 0, 4, 7]
BEST=0.8984375
TIMESTEP=14/20 GENERATION=0/1
14	0.6328125	-0.064055905	4.082910272370933	1.935338959466234	0.36787657997275636	1.1747893187077736	[6, 3, 1, 4, 2, 0, 0, 1, 1, 3, 7]
14	0.8203125	0.008157774	3.356944398123349	3.555280686721639	0.6325547935854486	1.6669164965994772	[4, 5, 7, 2, 3, 1, 1, 0, 1, 0, 7]
14	0.328125	-0.025460089	3.5229053443616882	4.290871390196311	0.08300157199066108	0.36641273210097514	[2, 6, 0, 3, 1, 2, 1, 1, 1, 1, 8]
14	0.1328125	-1	-1	-1	0.0	0.0	[7, 6, 7, 0, 4, 2, 1, 1, 1, 3, 1]
14	0.8046875	-0.08754201	4.131277350866865	6.4921570239371835	0.601373286056973	1.636401345528224	[1, 7, 7, 4, 1, 2, 1, 0, 0, 0, 0]
BEST=0.8203125
TIMESTEP=15/20 GENERATION=0/1
15	0.125	-1	-1	-1	0.0	0.0	[0, 0, 4, 2, 4, 0, 2, 0, 0, 3, 0]
15	0.625	-0.1870659	4.826003715172506	3.1196030909113186	0.32058527988894964	1.152779716998891	[5, 2, 2, 1, 4, 0, 2, 1, 0, 2, 3]
15	0.8828125	0.024186676	3.00801369256187	4.688726567858711	0.7687751428368584	1.8760440901220843	[5, 7, 7, 1, 5, 0, 5, 0, 1, 2, 7]
15	0.1640625	-1	-1	-1	0.0	0.0	[5, 0, 6, 0, 4, 0, 6, 1, 1, 1, 8]
15	0.78125	-0.0060431873	3.338738537248686	2.963602264283783	0.5312145848878843	1.4652268042293268	[0, 2, 7, 1, 3, 1, 5, 1, 1, 0, 7]
BEST=0.8828125
TIMESTEP=16/20 GENERATION=0/1
16	0.7890625	0.018974671	3.313660179296572	3.6239899354064002	0.5845992316908977	1.5576490431937906	[1, 0, 0, 0, 3, 1, 4, 1, 1, 0, 6]
16	0.1328125	0.0009673706	9.441534961847417	1.225885019604962	-0.007382275519157648	0.020472000799927392	[1, 4, 4, 0, 2, 1, 4, 0, 1, 2, 2]
16	0.140625	-1	-1	-1	0.0	0.0	[7, 3, 2, 1, 2, 0, 1, 1, 0, 0, 5]
16	0.25	-0.080963425	7.473086075105524	1.7396467456174203	0.02737567516554634	0.19210695459697993	[2, 6, 6, 4, 2, 1, 1, 1, 0, 4, 0]
16	0.171875	-1	-1	-1	0.0	0.0	[6, 1, 5, 1, 2, 0, 5, 0, 1, 2, 7]
BEST=0.7890625
TIMESTEP=17/20 GENERATION=0/1
17	0.265625	-0.14729692	1.4856607988385644	18.310187480457518	0.028506663938237975	0.3272791514633162	[4, 6, 5, 4, 3, 0, 3, 1, 0, 2, 4]
17	0.15625	0.0018350857	9.694080647305414	1.2831029195836168	-0.0016690747359410676	0.03349782732503212	[5, 4, 4, 2, 4, 0, 0, 1, 1, 2, 1]
17	0.40625	-0.031682916	3.25077211686456	2.49436314524551	0.06941485916065838	0.5636354668183573	[3, 3, 5, 3, 2, 2, 0, 0, 1, 1, 8]
17	0.1640625	-1	-1	-1	0.0	0.0	[1, 4, 1, 0, 2, 2, 1, 0, 1, 0, 0]
17	0.7890625	-0.0051864684	3.0918489318645768	3.585249375226971	0.5565780560160798	1.6008672826253176	[1, 0, 0, 0, 3, 1, 4, 1, 1, 0, 6]
BEST=0.7890625
TIMESTEP=18/20 GENERATION=0/1
18	0.453125	-0.03608509	4.235379958170453	1.7829561117078665	0.19502744778470063	0.699398306558056	[5, 2, 4, 2, 5, 3, 1, 0, 0, 1, 7]
18	0.28125	0.11710554	1.906977259000713	21.97331430214719	0.08114805130827474	0.36260977802100147	[7, 5, 2, 1, 5, 3, 3, 1, 0, 2, 1]
18	0.78125	-0.03855827	3.2600231155990627	4.528177740336311	0.5763926938153484	1.5633930185618568	[0, 2, 1, 0, 0, 3, 3, 1, 0, 1, 1]
18	0.1328125	-1	-1	-1	0.0	0.0	[1, 6, 3, 2, 5, 2, 0, 0, 0, 3, 1]
18	0.796875	0.017473085	3.227739866956793	3.7909645945350827	0.6087567630013285	1.6318878831461117	[1, 0, 0, 0, 3, 1, 4, 1, 1, 0, 6]
BEST=0.796875
TIMESTEP=19/20 GENERATION=0/1
19	0.6328125	-0.15086871	4.247588040556383	3.0527952996176717	0.3925107591604066	1.1210904892528881	[3, 3, 2, 4, 1, 3, 0, 0, 0, 4, 0]
19	0.171875	-1	-1	-1	0.0	0.0	[1, 0, 1, 2, 0, 2, 0, 1, 1, 4, 2]
19	0.171875	-1	-1	-1	0.0	0.0	[7, 1, 5, 2, 5, 1, 5, 0, 1, 0, 8]
19	0.640625	-0.13175796	4.681111097226398	2.5937744360902526	0.3619243750140548	1.1041456211679572	[4, 2, 6, 3, 1, 3, 3, 0, 1, 3, 0]
19	0.1484375	-1	-1	-1	0.0	0.0	[1, 0, 0, 0, 3, 1, 4, 1, 0, 1, 3]
BEST=0.640625
