1740241761
TIMESTEP=0/20 GENERATION=0/1
0	0.859375	0.01759465	3.036765780640091	3.666661118966925	0.7149810157703124	1.7703186056352713	[5, 7, 2, 1, 3, 1, 1, 1, 0, 2, 6]
0	0.125	-1	-1	-1	0.0	0.0	[4, 0, 5, 0, 3, 1, 2, 1, 0, 1, 0]
0	0.640625	-0.057038978	4.131339311942313	2.8895048923719453	0.34789387901597385	1.1807505110237542	[7, 2, 7, 0, 2, 1, 3, 0, 1, 4, 1]
0	0.1875	0.19999625	1.0395736413249679	21.510416443175632	0.003529442362473934	0.1138437852644877	[4, 5, 3, 3, 2, 1, 6, 1, 0, 3, 3]
0	0.1640625	-1	-1	-1	0.0	0.0	[3, 5, 2, 1, 2, 0, 2, 0, 1, 1, 3]
BEST=0.859375
TIMESTEP=1/20 GENERATION=0/1
1	0.15625	-1	-1	-1	0.0	0.0	[5, 4, 5, 2, 1, 3, 2, 1, 1, 0, 0]
1	0.2734375	0.06383698	3.120338770795435	7.996336323282629	0.11866380816873577	0.49894898183655023	[5, 5, 4, 2, 3, 0, 1, 0, 0, 2, 6]
1	0.21875	0.027821247	4.828467040744649	2.7166885295582515	0.030214763688609644	0.18077032867113868	[1, 4, 2, 3, 5, 1, 2, 1, 0, 1, 5]
1	0.1640625	-0.020293795	1.8682904177201476	9.003276572240626	0.003281845404542052	0.10398502352948988	[4, 6, 1, 3, 2, 3, 6, 1, 1, 2, 0]
1	0.234375	0.4539771	0.7829156628529044	173.02168181073492	0.05356219746743164	0.17394210690190148	[5, 5, 1, 4, 5, 1, 6, 0, 1, 3, 4]
BEST=0.2734375
TIMESTEP=2/20 GENERATION=0/1
2	0.234375	0.07893373	3.7532447687067014	19.89632316809538	0.0718758816198654	0.2814977950719997	[7, 4, 6, 2, 2, 0, 4, 1, 1, 1, 0]
2	0.1953125	0.053345867	3.6111134583856073	8.965020095513156	0.03184973995310289	0.14065570505740468	[2, 5, 0, 4, 5, 2, 4, 0, 1, 3, 7]
2	0.2265625	0.074715614	4.885909490079821	35.26639884673337	0.04399604218660208	0.2757638541217401	[5, 4, 4, 3, 5, 3, 4, 1, 1, 1, 4]
2	0.6328125	-0.04279062	3.980874955068529	2.107265717978534	0.39401483325553655	1.1792080064710924	[5, 3, 6, 2, 0, 1, 0, 1, 0, 3, 5]
2	0.3515625	0.056102335	3.2247223861278953	7.550115054735588	0.13728091326209754	0.5684577850247388	[5, 5, 4, 2, 3, 0, 1, 0, 0, 2, 6]
BEST=0.6328125
TIMESTEP=3/20 GENERATION=0/1
3	0.15625	-1	-1	-1	0.0	0.0	[4, 4, 0, 4, 4, 0, 3, 0, 0, 1, 2]
3	0.875	-0.11145781	4.341780173485262	14.171349924167831	0.7576945835544397	1.8355456954823548	[0, 7, 7, 1, 1, 2, 1, 1, 1, 1, 4]
3	0.8671875	0.010564602	3.32601554814448	3.9557386717332275	0.7247339199514854	1.803381664560858	[0, 7, 4, 2, 2, 0, 5, 1, 0, 2, 8]
3	0.6171875	-0.24030338	4.6383683373129445	2.936992962030756	0.3679664869354536	1.156051669110476	[2, 2, 5, 0, 1, 1, 1, 1, 0, 4, 3]
3	0.828125	-0.10368189	3.9906749264030212	4.33297494252424	0.6453559627049753	1.6775250325949165	[5, 3, 6, 2, 1, 1, 3, 0, 1, 0, 0]
BEST=0.875
TIMESTEP=4/20 GENERATION=0/1
4	0.59375	-0.109718576	4.757568140341588	12.37257097225277	0.33233459080921957	1.1545511532382806	[1, 3, 2, 0, 2, 1, 3, 0, 0, 1, 4]
4	0.609375	-0.2636968	5.328931341451026	3.759404323995044	0.3295471383672889	1.0842010485556628	[5, 3, 5, 2, 2, 2, 0, 0, 0, 3, 4]
4	0.7265625	0.020104617	3.014679827726714	3.6429749166466165	0.5313824325626819	1.4035913876654438	[1, 3, 1, 3, 1, 2, 5, 1, 0, 1, 6]
4	0.8828125	-0.0012809401	3.612792933756001	3.443100986610798	0.741196751603407	1.8778358444112904	[2, 3, 2, 2, 3, 0, 0, 1, 1, 1, 8]
4	0.8359375	-0.18340412	5.493217658714708	4.57702667914446	0.6678627004075627	1.7493299602686048	[0, 7, 7, 1, 1, 2, 1, 1, 1, 1, 4]
BEST=0.8828125
TIMESTEP=5/20 GENERATION=0/1
5	0.1484375	-1	-1	-1	0.0	0.0	[2, 0, 2, 0, 5, 1, 5, 1, 0, 0, 5]
5	0.6328125	-0.20260777	3.87283277612591	3.2121981653401135	0.3787622233541205	1.1923567601587186	[3, 3, 1, 1, 0, 3, 0, 0, 1, 2, 3]
5	0.140625	-1	-1	-1	0.0	0.0	[6, 1, 4, 1, 4, 2, 6, 0, 1, 1, 5]
5	0.125	-1	-1	-1	0.0	0.0	[7, 4, 4, 1, 0, 1, 2, 0, 0, 1, 7]
5	0.9140625	0.037437513	2.9923520069705267	4.570473186632709	0.8051296258804224	1.9678880228530906	[2, 3, 2, 2, 3, 0, 0, 1, 1, 1, 8]
BEST=0.9140625
TIMESTEP=6/20 GENERATION=0/1
6	0.2421875	0.11707476	2.163145078636998	24.880549548867833	0.07339204944196494	0.37804213438751094	[1, 5, 6, 2, 3, 1, 2, 0, 1, 4, 3]
6	0.15625	-1	-1	-1	0.0	0.0	[1, 6, 7, 2, 4, 2, 4, 0, 1, 2, 7]
6	0.640625	-0.043929674	3.9182674666732695	2.1650585068550705	0.3807833625993191	1.2456158433142344	[0, 3, 2, 2, 4, 1, 6, 0, 0, 4, 8]
6	0.1796875	-1	-1	-1	0.0	0.0	[2, 3, 2, 4, 0, 3, 5, 0, 1, 1, 6]
6	0.890625	0.031694815	3.4035361369077264	4.479198150732863	0.776964174180644	1.9040714904388174	[2, 3, 2, 2, 3, 0, 0, 1, 1, 1, 8]
BEST=0.890625
TIMESTEP=7/20 GENERATION=0/1
7	0.140625	-1	-1	-1	0.0	0.0	[4, 1, 5, 3, 4, 2, 3, 0, 0, 2, 1]
7	0.21875	0.04468451	1.2753459539938774	34.8023681186242	0.011185078984670294	0.21471759175412003	[7, 6, 4, 3, 3, 1, 2, 0, 1, 3, 4]
7	0.265625	0.026338294	4.732562303728376	3.2210740238771125	0.10311232144648357	0.3345402956945366	[1, 4, 5, 3, 3, 2, 3, 1, 0, 1, 6]
7	0.1328125	-1	-1	-1	0.0	0.0	[2, 0, 3, 0, 5, 1, 6, 1, 0, 3, 5]
7	0.265625	0.2563061	1.0969269901238503	43.42028684672261	0.0446619738542609	0.15717589176781582	[2, 5, 4, 2, 1, 2, 4, 1, 0, 2, 3]
BEST=0.265625
TIMESTEP=8/20 GENERATION=0/1
8	0.2421875	-0.044309944	2.0269800156743627	3.343720972290215	0.021416738462904088	0.2544713654948093	[2, 6, 7, 4, 2, 0, 1, 0, 0, 2, 7]
8	0.640625	-0.19036672	5.715105145737107	4.370112856623691	0.3446066805248775	1.1462284504701448	[0, 3, 7, 2, 4, 1, 2, 0, 0, 2, 4]
8	0.8828125	0.023949046	2.896512974316753	4.15256776721062	0.7598500693057588	1.9069983138682878	[6, 7, 2, 1, 5, 0, 6, 1, 1, 1, 5]
8	0.15625	-1	-1	-1	0.0	0.0	[2, 0, 0, 4, 2, 1, 3, 1, 1, 4, 4]
8	0.234375	0.01592211	4.819458646136314	3.772293658572342	0.03248435915878271	0.23320470031854665	[1, 4, 5, 3, 3, 2, 3, 1, 0, 1, 6]
BEST=0.8828125
TIMESTEP=9/20 GENERATION=0/1
9	0.6171875	-0.051485363	3.7764149950972383	2.1933560352397183	0.3356611624618343	1.1090879139846048	[3, 3, 6, 4, 0, 3, 3, 1, 0, 3, 6]
9	0.6328125	-0.15778807	4.789013322768046	3.956233018032169	0.3653679224759784	1.1034079756604693	[1, 2, 2, 4, 4, 3, 0, 0, 1, 2, 3]
9	0.1484375	-0.004192887	21.554209343255433	0.2306561470325754	-0.007830383291022746	0.017765638311738635	[0, 4, 3, 4, 1, 0, 5, 0, 1, 2, 0]
9	0.6171875	-0.12297702	3.4807580400415183	2.4616537017142903	0.35622375137128637	1.0651251047793289	[1, 2, 0, 3, 5, 3, 6, 1, 1, 2, 1]
9	0.8359375	-0.012063673	2.715452649878188	6.13365564573609	0.6887605848466273	1.7177654557157163	[6, 7, 2, 1, 5, 0, 6, 1, 1, 3, 1]
BEST=0.8359375
TIMESTEP=10/20 GENERATION=0/1
10	0.6328125	-0.07525567	4.839888334644181	2.9114303171113245	0.38089321223876604	1.139839295805053	[5, 2, 2, 0, 2, 2, 3, 1, 1, 4, 3]
10	0.21875	-0.071481705	4.558701135016329	2.0387110275120457	0.007149673634264096	0.14413986182052108	[1, 6, 3, 0, 0, 1, 6, 1, 1, 4, 6]
10	0.7890625	0.0024256855	3.463498253206106	3.455960268899072	0.5711684636969354	1.5235635127136293	[6, 1, 7, 4, 3, 3, 6, 0, 1, 0, 8]
10	0.15625	-1	-1	-1	0.0	0.0	[6, 1, 1, 2, 4, 0, 4, 1, 0, 2, 0]
10	0.859375	0.02007234	2.9328344071117654	6.159225246740523	0.7231257048423447	1.7522587930965636	[6, 7, 2, 1, 5, 0, 6, 1, 1, 3, 1]
BEST=0.859375
TIMESTEP=11/20 GENERATION=0/1
